com/github/ltennstedt/finnmath/number/MathNumber.class
com/github/ltennstedt/finnmath/util/SquareRootCalculator.class
com/github/ltennstedt/finnmath/number/RealComplexNumber.class
com/github/ltennstedt/finnmath/linear/BigIntVector.class
com/github/ltennstedt/finnmath/number/SimpleComplexNumber.class
com/github/ltennstedt/finnmath/linear/DecimalVector$DecimalVectorBuilder.class
com/github/ltennstedt/finnmath/linear/DecimalVector$1.class
com/github/ltennstedt/finnmath/linear/BigIntMatrix$1.class
com/github/ltennstedt/finnmath/linear/AbstractVectorBuilder.class
com/github/ltennstedt/finnmath/linear/DecimalMatrix.class
com/github/ltennstedt/finnmath/number/AbstractComplexNumber.class
com/github/ltennstedt/finnmath/linear/DecimalVector.class
com/github/ltennstedt/finnmath/linear/BigIntMatrix$BigIntMatrixBuilder.class
com/github/ltennstedt/finnmath/number/ScientificNotation.class
com/github/ltennstedt/finnmath/util/MathRandom.class
com/github/ltennstedt/finnmath/number/Fraction.class
com/github/ltennstedt/finnmath/linear/DecimalMatrix$1.class
com/github/ltennstedt/finnmath/linear/AbstractMatrixBuilder.class
com/github/ltennstedt/finnmath/linear/DecimalMatrix$DecimalMatrixBuilder.class
com/github/ltennstedt/finnmath/linear/AbstractMatrix.class
com/github/ltennstedt/finnmath/linear/BigIntMatrix.class
com/github/ltennstedt/finnmath/linear/BigIntVector$1.class
com/github/ltennstedt/finnmath/linear/AbstractVector.class
com/github/ltennstedt/finnmath/linear/BigIntVector$BigIntVectorBuilder.class
