/home/raimund/git/finnmath/src/test/java/com/github/ltennstedt/finnmath/linear/BigIntVectorBuilderTest.java
/home/raimund/git/finnmath/src/test/java/com/github/ltennstedt/finnmath/linear/DecimalMatrixGuavaTest.java
/home/raimund/git/finnmath/src/test/java/com/github/ltennstedt/finnmath/linear/DecimalVectorBuilderTest.java
/home/raimund/git/finnmath/src/test/java/com/github/ltennstedt/finnmath/number/ScientificNotationTest.java
/home/raimund/git/finnmath/src/test/java/com/github/ltennstedt/finnmath/util/MathRandomTest.java
/home/raimund/git/finnmath/src/test/java/com/github/ltennstedt/finnmath/linear/DecimalMatrixTest.java
/home/raimund/git/finnmath/src/test/java/com/github/ltennstedt/finnmath/linear/DecimalVectorTest.java
/home/raimund/git/finnmath/src/test/java/com/github/ltennstedt/finnmath/linear/DecimalMatrixBuilderTest.java
/home/raimund/git/finnmath/src/test/java/com/github/ltennstedt/finnmath/number/SimpleComplexNumberTest.java
/home/raimund/git/finnmath/src/test/java/com/github/ltennstedt/finnmath/number/RealComplexNumberTest.java
/home/raimund/git/finnmath/src/test/java/com/github/ltennstedt/finnmath/linear/BigIntVectorTest.java
/home/raimund/git/finnmath/src/test/java/com/github/ltennstedt/finnmath/number/FractionTest.java
/home/raimund/git/finnmath/src/test/java/com/github/ltennstedt/finnmath/util/SquareRootCalculatorTest.java
/home/raimund/git/finnmath/src/test/java/com/github/ltennstedt/finnmath/linear/BigIntMatrixTest.java
/home/raimund/git/finnmath/src/test/java/com/github/ltennstedt/finnmath/linear/BigIntMatrixBuilderTest.java
